nmeasim,1.6.1
~$GPRMC,083037.143,A,3459.982290,S,13830.004656,E,5.2,10.7,050326,,,*03
$IIVHW,10.7,T,10.7,M,5.2,N,9.5,K*5E
$GPVTG,10.7,T,10.7,M,5.2,N,9.5,K*45
$IIHDT,10.7,T*14
$GPGLL,3459.982290,S,13830.004656,E,083037.143,A*2B
$GPGGA,083037.143,3459.982290,S,13830.004656,E,1,4,2.1,2.0,M,,,,*25
$GPGSA,A,3,8,11,15,22,,,,,,,,,1.6,2.1,1.8*03
$GPZDA,083037.143,05,03,2026,08,00*57
$IIVBW,4.8,4.7,A,4.5,4.6,A,4.2,A,4.3,A*4E
!AIVDO,1,1,,A,17PaewhP0kar0<McvALPJPE:0000,0*1D
!AIVDM,1,1,,A,17PaewhP0kar0<McvALPJPE:0000,0*1F
$WIMWD,299.3,T,299.3,M,13.2,N,6.8,M*64
$WIMWV,306.8,R,15.6,N,A*1C
$IIMTW,7.7,C*23
$SDDPT,7.6,0.3*55
$SDDBT,25.0,f,7.6,M,4.2,F*36
!AIVDO,2,1,9,A,57Paewh00001<To7;?@plD5<Tl0000000000000U1@:550j`N2TnA3QF,0*4C
!AIVDO,2,2,9,A,@00000000000002,2*5D
!AIVDM,2,1,9,A,57Paewh00001<To7;?@plD5<Tl0000000000000U1@:550j`N2TnA3QF,0*4E
!AIVDM,2,2,9,A,@00000000000002,2*5F
$IIRPM,E,1,0,10.5,A*7C
$IIRPM,E,2,0,10.5,A*7F
$IIAPB,V,V,,R,N,,,,T,,,T,,T,N*79
$GPRMB,V,,R,,,,,,,,,,,N*00
~$GPRMC,083038.144,A,3459.982290,S,13830.004656,E,5.2,10.7,050326,,,*0B
$IIVHW,10.7,T,10.7,M,5.2,N,9.5,K*5E
$GPVTG,10.7,T,10.7,M,5.2,N,9.5,K*45
$IIHDT,10.7,T*14
$GPGLL,3459.982290,S,13830.004656,E,083038.144,A*23
$GPGGA,083038.144,3459.982290,S,13830.004656,E,1,4,2.1,2.0,M,,,,*2D
$GPGSA,A,3,8,11,15,22,,,,,,,,,1.6,2.1,1.8*03
$GPZDA,083038.144,05,03,2026,08,00*5F
$IIVBW,4.7,4.7,A,4.3,4.7,A,4.7,A,4.6,A*46
!AIVDO,1,1,,A,17PaewhP0kar0<McvALPJPE<0000,0*1B
!AIVDM,1,1,,A,17PaewhP0kar0<McvALPJPE<0000,0*19
$WIMWD,299.3,T,299.3,M,13.2,N,6.8,M*64
$WIMWV,306.8,R,15.6,N,A*1C
$IIMTW,7.7,C*23
$SDDPT,7.6,0.3*55
$SDDBT,25.0,f,7.6,M,4.2,F*36
!AIVDO,2,1,9,A,57Paewh00001<To7;?@plD5<Tl0000000000000U1@:550j`N2TnA3QF,0*4C
!AIVDO,2,2,9,A,@00000000000002,2*5D
!AIVDM,2,1,9,A,57Paewh00001<To7;?@plD5<Tl0000000000000U1@:550j`N2TnA3QF,0*4E
!AIVDM,2,2,9,A,@00000000000002,2*5F
$IIRPM,E,1,0,10.5,A*7C
$IIRPM,E,2,0,10.5,A*7F
$IIAPB,V,V,,R,N,,,,T,,,T,,T,N*79
$GPRMB,V,,R,,,,,,,,,,,N*00
~$GPRMC,083039.144,A,3459.982290,S,13830.004656,E,5.2,10.7,050326,,,*0A
$IIVHW,10.7,T,10.7,M,5.2,N,9.5,K*5E
$GPVTG,10.7,T,10.7,M,5.2,N,9.5,K*45
$IIHDT,10.7,T*14
$GPGLL,3459.982290,S,13830.004656,E,083039.144,A*22
$GPGGA,083039.144,3459.982290,S,13830.004656,E,1,4,2.1,2.0,M,,,,*2C
$GPGSA,A,3,8,11,15,22,,,,,,,,,1.6,2.1,1.8*03
$GPZDA,083039.144,05,03,2026,08,00*5E
$IIVBW,4.7,4.6,A,4.6,4.8,A,4.2,A,4.3,A*4D
!AIVDO,1,1,,A,17PaewhP0kar0<McvALPJPE>0000,0*19
!AIVDM,1,1,,A,17PaewhP0kar0<McvALPJPE>0000,0*1B
$WIMWD,299.3,T,299.3,M,13.2,N,6.8,M*64
$WIMWV,306.8,R,15.6,N,A*1C
$IIMTW,7.7,C*23
$SDDPT,7.6,0.3*55
$SDDBT,25.0,f,7.6,M,4.2,F*36
!AIVDO,2,1,9,A,57Paewh00001<To7;?@plD5<Tl0000000000000U1@:550j`N2TnA3QF,0*4C
!AIVDO,2,2,9,A,@00000000000002,2*5D
!AIVDM,2,1,9,A,57Paewh00001<To7;?@plD5<Tl0000000000000U1@:550j`N2TnA3QF,0*4E
!AIVDM,2,2,9,A,@00000000000002,2*5F
$IIRPM,E,1,0,10.5,A*7C
$IIRPM,E,2,0,10.5,A*7F
$IIAPB,V,V,,R,N,,,,T,,,T,,T,N*79
$GPRMB,V,,R,,,,,,,,,,,N*00
~$GPRMC,083040.144,A,3459.982290,S,13830.004656,E,5.2,10.7,050326,,,*04
$IIVHW,10.7,T,10.7,M,5.2,N,9.5,K*5E
$GPVTG,10.7,T,10.7,M,5.2,N,9.5,K*45
$IIHDT,10.7,T*14
$GPGLL,3459.982290,S,13830.004656,E,083040.144,A*2C
$GPGGA,083040.144,3459.982290,S,13830.004656,E,1,4,2.1,2.0,M,,,,*22
$GPGSA,A,3,8,11,15,22,,,,,,,,,1.6,2.1,1.8*03
$GPZDA,083040.144,05,03,2026,08,00*50
$IIVBW,4.5,4.7,A,4.5,4.5,A,4.7,A,4.7,A*41
!AIVDO,1,1,,A,17PaewhP0kar0<McvALPJPE@0000,0*67
!AIVDM,1,1,,A,17PaewhP0kar0<McvALPJPE@0000,0*65
$WIMWD,299.3,T,299.3,M,13.2,N,6.8,M*64
$WIMWV,306.8,R,15.6,N,A*1C
$IIMTW,7.7,C*23
$SDDPT,7.6,0.3*55
$SDDBT,25.0,f,7.6,M,4.2,F*36
!AIVDO,2,1,9,A,57Paewh00001<To7;?@plD5<Tl0000000000000U1@:550j`N2TnA3QF,0*4C
!AIVDO,2,2,9,A,@00000000000002,2*5D
!AIVDM,2,1,9,A,57Paewh00001<To7;?@plD5<Tl0000000000000U1@:550j`N2TnA3QF,0*4E
!AIVDM,2,2,9,A,@00000000000002,2*5F
$IIRPM,E,1,0,10.5,A*7C
$IIRPM,E,2,0,10.5,A*7F
$IIAPB,V,V,,R,N,,,,T,,,T,,T,N*79
$GPRMB,V,,R,,,,,,,,,,,N*00
~$GPRMC,083041.144,A,3459.982290,S,13830.004656,E,5.2,10.7,050326,,,*05
$IIVHW,10.7,T,10.7,M,5.2,N,9.5,K*5E
$GPVTG,10.7,T,10.7,M,5.2,N,9.5,K*45
$IIHDT,10.7,T*14
$GPGLL,3459.982290,S,13830.004656,E,083041.144,A*2D
$GPGGA,083041.144,3459.982290,S,13830.004656,E,1,4,2.1,2.0,M,,,,*23
$GPGSA,A,3,8,11,15,22,,,,,,,,,1.6,2.1,1.8*03
$GPZDA,083041.144,05,03,2026,08,00*51
$IIVBW,4.4,4.3,A,4.6,5.0,A,4.3,A,5.1,A*40
!AIVDO,1,1,,A,17PaewhP0kar0<McvALPJPEB0000,0*65
!AIVDM,1,1,,A,17PaewhP0kar0<McvALPJPEB0000,0*67
$WIMWD,299.3,T,299.3,M,13.2,N,6.8,M*64
$WIMWV,306.8,R,15.6,N,A*1C
$IIMTW,7.7,C*23
$SDDPT,7.6,0.3*55
$SDDBT,25.0,f,7.6,M,4.2,F*36
!AIVDO,2,1,9,A,57Paewh00001<To7;?@plD5<Tl0000000000000U1@:550j`N2TnA3QF,0*4C
!AIVDO,2,2,9,A,@00000000000002,2*5D
!AIVDM,2,1,9,A,57Paewh00001<To7;?@plD5<Tl0000000000000U1@:550j`N2TnA3QF,0*4E
!AIVDM,2,2,9,A,@00000000000002,2*5F
$IIRPM,E,1,0,10.5,A*7C
$IIRPM,E,2,0,10.5,A*7F
$IIAPB,V,V,,R,N,,,,T,,,T,,T,N*79
$GPRMB,V,,R,,,,,,,,,,,N*00
~$GPRMC,083042.144,A,3459.982290,S,13830.004656,E,5.2,10.7,050326,,,*06
$IIVHW,10.7,T,10.7,M,5.2,N,9.5,K*5E
$GPVTG,10.7,T,10.7,M,5.2,N,9.5,K*45
$IIHDT,10.7,T*14
$GPGLL,3459.982290,S,13830.004656,E,083042.144,A*2E
$GPGGA,083042.144,3459.982290,S,13830.004656,E,1,4,2.1,2.0,M,,,,*20
$GPGSA,A,3,8,11,15,22,,,,,,,,,1.6,2.1,1.8*03
$GPZDA,083042.144,05,03,2026,08,00*52
$IIVBW,5.1,4.7,A,5.1,4.6,A,4.2,A,4.7,A*47
!AIVDO,1,1,,A,17PaewhP0kar0<McvALPJPED0000,0*63
!AIVDM,1,1,,A,17PaewhP0kar0<McvALPJPED0000,0*61
$WIMWD,299.3,T,299.3,M,13.2,N,6.8,M*64
$WIMWV,306.8,R,15.6,N,A*1C
$IIMTW,7.7,C*23
$SDDPT,7.6,0.3*55
$SDDBT,25.0,f,7.6,M,4.2,F*36
!AIVDO,2,1,9,A,57Paewh00001<To7;?@plD5<Tl0000000000000U1@:550j`N2TnA3QF,0*4C
!AIVDO,2,2,9,A,@00000000000002,2*5D
!AIVDM,2,1,9,A,57Paewh00001<To7;?@plD5<Tl0000000000000U1@:550j`N2TnA3QF,0*4E
!AIVDM,2,2,9,A,@00000000000002,2*5F
$IIRPM,E,1,0,10.5,A*7C
$IIRPM,E,2,0,10.5,A*7F
$IIAPB,V,V,,R,N,,,,T,,,T,,T,N*79
$GPRMB,V,,R,,,,,,,,,,,N*00
~$GPRMC,083043.144,A,3459.982290,S,13830.004656,E,5.2,10.7,050326,,,*07
$IIVHW,10.7,T,10.7,M,5.2,N,9.5,K*5E
$GPVTG,10.7,T,10.7,M,5.2,N,9.5,K*45
$IIHDT,10.7,T*14
$GPGLL,3459.982290,S,13830.004656,E,083043.144,A*2F
$GPGGA,083043.144,3459.982290,S,13830.004656,E,1,4,2.1,2.0,M,,,,*21
$GPGSA,A,3,8,11,15,22,,,,,,,,,1.6,2.1,1.8*03
$GPZDA,083043.144,05,03,2026,08,00*53
$IIVBW,5.1,5.0,A,5.1,4.8,A,5.0,A,5.1,A*4B
!AIVDO,1,1,,A,17PaewhP0kar0<McvALPJPEF0000,0*61
!AIVDM,1,1,,A,17PaewhP0kar0<McvALPJPEF0000,0*63
$WIMWD,299.3,T,299.3,M,13.2,N,6.8,M*64
$WIMWV,306.8,R,15.6,N,A*1C
$IIMTW,7.7,C*23
$SDDPT,7.6,0.3*55
$SDDBT,25.0,f,7.6,M,4.2,F*36
!AIVDO,2,1,9,A,57Paewh00001<To7;?@plD5<Tl0000000000000U1@:550j`N2TnA3QF,0*4C
!AIVDO,2,2,9,A,@00000000000002,2*5D
!AIVDM,2,1,9,A,57Paewh00001<To7;?@plD5<Tl0000000000000U1@:550j`N2TnA3QF,0*4E
!AIVDM,2,2,9,A,@00000000000002,2*5F
$IIRPM,E,1,0,10.5,A*7C
$IIRPM,E,2,0,10.5,A*7F
$IIAPB,V,V,,R,N,,,,T,,,T,,T,N*79
$GPRMB,V,,R,,,,,,,,,,,N*00
~$GPRMC,083044.151,A,3459.982290,S,13830.004656,E,5.2,10.7,050326,,,*04
$IIVHW,10.7,T,10.7,M,5.2,N,9.5,K*5E
$GPVTG,10.7,T,10.7,M,5.2,N,9.5,K*45
$IIHDT,10.7,T*14
$GPGLL,3459.982290,S,13830.004656,E,083044.151,A*2C
$GPGGA,083044.151,3459.982290,S,13830.004656,E,1,4,2.1,2.0,M,,,,*22
$GPGSA,A,3,8,11,15,22,,,,,,,,,1.6,2.1,1.8*03
$GPZDA,083044.151,05,03,2026,08,00*50
$IIVBW,4.6,4.3,A,4.3,4.5,A,4.8,A,4.5,A*4D
!AIVDO,1,1,,A,17PaewhP0kar0<McvALPJPEH0000,0*6F
!AIVDM,1,1,,A,17PaewhP0kar0<McvALPJPEH0000,0*6D
$WIMWD,299.3,T,299.3,M,13.2,N,6.8,M*64
$WIMWV,306.8,R,15.6,N,A*1C
$IIMTW,7.7,C*23
$SDDPT,7.6,0.3*55
$SDDBT,25.0,f,7.6,M,4.2,F*36
!AIVDO,2,1,9,A,57Paewh00001<To7;?@plD5<Tl0000000000000U1@:550j`N2TnA3QF,0*4C
!AIVDO,2,2,9,A,@00000000000002,2*5D
!AIVDM,2,1,9,A,57Paewh00001<To7;?@plD5<Tl0000000000000U1@:550j`N2TnA3QF,0*4E
!AIVDM,2,2,9,A,@00000000000002,2*5F
$IIRPM,E,1,0,10.5,A*7C
$IIRPM,E,2,0,10.5,A*7F
$IIAPB,V,V,,R,N,,,,T,,,T,,T,N*79
$GPRMB,V,,R,,,,,,,,,,,N*00
~$GPRMC,083045.146,A,3459.982290,S,13830.004656,E,5.2,10.7,050326,,,*03
$IIVHW,10.7,T,10.7,M,5.2,N,9.5,K*5E
$GPVTG,10.7,T,10.7,M,5.2,N,9.5,K*45
$IIHDT,10.7,T*14
$GPGLL,3459.982290,S,13830.004656,E,083045.146,A*2B
$GPGGA,083045.146,3459.982290,S,13830.004656,E,1,4,2.1,2.0,M,,,,*25
$GPGSA,A,3,8,11,15,22,,,,,,,,,1.6,2.1,1.8*03
$GPZDA,083045.146,05,03,2026,08,00*57
$IIVBW,4.4,5.1,A,4.2,4.3,A,5.0,A,5.1,A*47
!AIVDO,1,1,,A,17PaewhP0kar0<McvALPJPEJ0000,0*6D
!AIVDM,1,1,,A,17PaewhP0kar0<McvALPJPEJ0000,0*6F
$WIMWD,299.3,T,299.3,M,13.2,N,6.8,M*64
$WIMWV,306.8,R,15.6,N,A*1C
$IIMTW,7.7,C*23
$SDDPT,7.6,0.3*55
$SDDBT,25.0,f,7.6,M,4.2,F*36
!AIVDO,2,1,9,A,57Paewh00001<To7;?@plD5<Tl0000000000000U1@:550j`N2TnA3QF,0*4C
!AIVDO,2,2,9,A,@00000000000002,2*5D
!AIVDM,2,1,9,A,57Paewh00001<To7;?@plD5<Tl0000000000000U1@:550j`N2TnA3QF,0*4E
!AIVDM,2,2,9,A,@00000000000002,2*5F
$IIRPM,E,1,0,10.5,A*7C
$IIRPM,E,2,0,10.5,A*7F
$IIAPB,V,V,,R,N,,,,T,,,T,,T,N*79
$GPRMB,V,,R,,,,,,,,,,,N*00
~$GPRMC,083046.148,A,3459.982290,S,13830.004656,E,5.2,10.7,050326,,,*0E
$IIVHW,10.7,T,10.7,M,5.2,N,9.5,K*5E
$GPVTG,10.7,T,10.7,M,5.2,N,9.5,K*45
$IIHDT,10.7,T*14
$GPGLL,3459.982290,S,13830.004656,E,083046.148,A*26
$GPGGA,083046.148,3459.982290,S,13830.004656,E,1,4,2.1,2.0,M,,,,*28
$GPGSA,A,3,8,11,15,22,,,,,,,,,1.6,2.1,1.8*03
$GPZDA,083046.148,05,03,2026,08,00*5A
$IIVBW,4.8,4.2,A,4.7,4.6,A,4.4,A,4.3,A*4F
!AIVDO,1,1,,A,17PaewhP0kar0<McvALPJPEL0000,0*6B
!AIVDM,1,1,,A,17PaewhP0kar0<McvALPJPEL0000,0*69
$WIMWD,299.3,T,299.3,M,13.2,N,6.8,M*64
$WIMWV,306.8,R,15.6,N,A*1C
$IIMTW,7.7,C*23
$SDDPT,7.6,0.3*55
$SDDBT,25.0,f,7.6,M,4.2,F*36
!AIVDO,2,1,9,A,57Paewh00001<To7;?@plD5<Tl0000000000000U1@:550j`N2TnA3QF,0*4C
!AIVDO,2,2,9,A,@00000000000002,2*5D
!AIVDM,2,1,9,A,57Paewh00001<To7;?@plD5<Tl0000000000000U1@:550j`N2TnA3QF,0*4E
!AIVDM,2,2,9,A,@00000000000002,2*5F
$IIRPM,E,1,0,10.5,A*7C
$IIRPM,E,2,0,10.5,A*7F
$IIAPB,V,V,,R,N,,,,T,,,T,,T,N*79
$GPRMB,V,,R,,,,,,,,,,,N*00
~$GPRMC,083047.148,A,3459.982290,S,13830.004656,E,5.2,10.7,050326,,,*0F
$IIVHW,10.7,T,10.7,M,5.2,N,9.5,K*5E
$GPVTG,10.7,T,10.7,M,5.2,N,9.5,K*45
$IIHDT,10.7,T*14
$GPGLL,3459.982290,S,13830.004656,E,083047.148,A*27
$GPGGA,083047.148,3459.982290,S,13830.004656,E,1,4,2.1,2.0,M,,,,*29
$GPGSA,A,3,8,11,15,22,,,,,,,,,1.6,2.1,1.8*03
$GPZDA,083047.148,05,03,2026,08,00*5B
$IIVBW,5.0,4.4,A,5.0,4.4,A,4.2,A,4.6,A*47
!AIVDO,1,1,,A,17PaewhP0kar0<McvALPJPEN0000,0*69
!AIVDM,1,1,,A,17PaewhP0kar0<McvALPJPEN0000,0*6B
$WIMWD,299.3,T,299.3,M,13.2,N,6.8,M*64
$WIMWV,306.8,R,15.6,N,A*1C
$IIMTW,7.7,C*23
$SDDPT,7.6,0.3*55
$SDDBT,25.0,f,7.6,M,4.2,F*36
!AIVDO,2,1,9,A,57Paewh00001<To7;?@plD5<Tl0000000000000U1@:550j`N2TnA3QF,0*4C
!AIVDO,2,2,9,A,@00000000000002,2*5D
!AIVDM,2,1,9,A,57Paewh00001<To7;?@plD5<Tl0000000000000U1@:550j`N2TnA3QF,0*4E
!AIVDM,2,2,9,A,@00000000000002,2*5F
$IIRPM,E,1,0,10.5,A*7C
$IIRPM,E,2,0,10.5,A*7F
$IIAPB,V,V,,R,N,,,,T,,,T,,T,N*79
$GPRMB,V,,R,,,,,,,,,,,N*00
~